........................................................................ [ 17%]
........................................................................ [ 34%]
........................................................................ [ 51%]
........................................................................ [ 68%]
........................................................................ [ 86%]
............................ssssssssss.....F..............               [100%]
=================================== FAILURES ===================================
_________________________ test_network_guard_is_active _________________________

    def test_network_guard_is_active():
        with pytest.raises(NetworkAccessForbidden):
            socket.create_connection(("example.invalid", 443), timeout=0.1)
>       sock = socket.socket(socket.AF_INET, socket.SOCK_STREAM)
               ^^^^^^^^^^^^^^^^^^^^^^^^^^^^^^^^^^^^^^^^^^^^^^^^^

tests/boundary/test_repository_hygiene.py:32:
_ _ _ _ _ _ _ _ _ _ _ _ _ _ _ _ _ _ _ _ _ _ _ _ _ _ _ _ _ _ _ _ _ _ _ _ _ _ _ _

self = <socket.socket fd=-1, family=0, type=0, proto=0>
family = <AddressFamily.AF_INET: 2>, type = <SocketKind.SOCK_STREAM: 1>
proto = 0, fileno = None

    def __init__(self, family=-1, type=-1, proto=-1, fileno=None):
        # For user code address family and type values are IntEnum members, but
        # for the underlying _socket.socket they're just integers. The
        # constructor of _socket.socket converts the given argument to an
        # integer automatically.
        if fileno is None:
            if family == -1:
                family = AF_INET
            if type == -1:
                type = SOCK_STREAM
            if proto == -1:
                proto = 0
>       _socket.socket.__init__(self, family, type, proto, fileno)
E       PermissionError: [Errno 1] Operation not permitted

../../../Elpis_DEV/toolchain/python/3.11.9/lib/python3.11/socket.py:232: PermissionError
=========================== short test summary info ============================
FAILED tests/boundary/test_repository_hygiene.py::test_network_guard_is_active
1 failed, 407 passed, 10 skipped in 77.87s (0:01:17)
