...............ssssssssss............................................... [  2%]
........................................................................ [  5%]
........................................................................ [  8%]
........................................................................ [ 11%]
........................................................................ [ 13%]
........................................................................ [ 16%]
........................................................................ [ 19%]
........................................................................ [ 22%]
........................................................................ [ 24%]
........................................................................ [ 27%]
........................................................................ [ 30%]
........................................................................ [ 33%]
........................................................................ [ 36%]
........................................................................ [ 38%]
........................................................................ [ 41%]
........................................................................ [ 44%]
........................................................................ [ 47%]
........................................................................ [ 49%]
........................................................................ [ 52%]
........................................................................ [ 55%]
........................................................................ [ 58%]
........................................................................ [ 60%]
........................................................................ [ 63%]
........................................................................ [ 66%]
........................................................................ [ 69%]
........................................................................ [ 72%]
........................................................................ [ 74%]
........................................................................ [ 77%]
........................................................................ [ 80%]
........................................................................ [ 83%]
........................................................................ [ 85%]
........................................................................ [ 88%]
........................................................................ [ 91%]
........................................................................ [ 94%]
........................................................................ [ 97%]
........................................................................ [ 99%]
.....                                                                    [100%]
=========================== short test summary info ============================
SKIPPED [1] tests/boundary/test_donor_parity.py:41: ELPIS_DONOR_ROOT not set (donor parity runs in the CI parity job)
SKIPPED [7] tests/boundary/test_donor_parity.py:55: ELPIS_DONOR_ROOT not set (donor parity runs in the CI parity job)
SKIPPED [1] tests/boundary/test_donor_parity.py:60: ELPIS_DONOR_ROOT not set (donor parity runs in the CI parity job)
SKIPPED [1] tests/boundary/test_donor_parity.py:108: ELPIS_DONOR_ROOT not set (donor parity runs in the CI parity job)
2587 passed, 10 skipped, 1 deselected in 233.02s (0:03:53)
