CHILD_STDOUT R3_BP_PER_SEED candidate=C2M seed=23736088829194958 TASK_LOCAL=1 V3=1 S1=1 M=1 M_FAILED=0 EVENTS=0 ORACLE_SEPARATED=0.9583333333333334 ORACLE_MATCHED=1 CENTROID_SEPARATED=29.493789394685898 CENTROID_MATCHED=1.4234879295044922 SCIENCE_RELEASE=NO
CHILD_STDOUT R3_C2M_PLANNING_PER_SEED seed=23736088829194958 FLAT_N72=[0.8333333333333334, 0.75, 0.7916666666666666] TEMPORAL_SHARED_L2=[0.4166666666666667, 0.3333333333333333, 0.5833333333333334] HIERARCHICAL_DISTINCT_L2=[0.041666666666666664, 0.125, 0.5]
CHILD_STDOUT R3_BP_PER_SEED candidate=C2M seed=314983234690735201 TASK_LOCAL=1 V3=1 S1=1 M=1 M_FAILED=0 EVENTS=0 ORACLE_SEPARATED=0.9583333333333334 ORACLE_MATCHED=1 CENTROID_SEPARATED=29.02093718277741 CENTROID_MATCHED=1.5019619789326126 SCIENCE_RELEASE=NO
CHILD_STDOUT R3_C2M_PLANNING_PER_SEED seed=314983234690735201 FLAT_N72=[0.875, 0.875, 0.9166666666666666] TEMPORAL_SHARED_L2=[0.75, 0.7916666666666666, 0.7083333333333334] HIERARCHICAL_DISTINCT_L2=[0.0, 0.08333333333333333, 0.20833333333333334]
CHILD_STDOUT R3_BP_PER_SEED candidate=C2M seed=9185389333842790495 TASK_LOCAL=1 V3=1 S1=1 M=1 M_FAILED=0 EVENTS=0 ORACLE_SEPARATED=1 ORACLE_MATCHED=0.9583333333333334 CENTROID_SEPARATED=31.73650615186408 CENTROID_MATCHED=1.6608623778600864 SCIENCE_RELEASE=NO
CHILD_STDOUT R3_C2M_PLANNING_PER_SEED seed=9185389333842790495 FLAT_N72=[0.8333333333333334, 0.875, 0.7916666666666666] TEMPORAL_SHARED_L2=[0.7083333333333334, 0.6666666666666666, 0.7083333333333334] HIERARCHICAL_DISTINCT_L2=[0.0, 0.041666666666666664, 0.20833333333333334]
CHILD_STDOUT R3_BP_PER_SEED candidate=C2M seed=2082485464272837759 TASK_LOCAL=1 V3=1 S1=1 M=1 M_FAILED=0 EVENTS=0 ORACLE_SEPARATED=1 ORACLE_MATCHED=1 CENTROID_SEPARATED=30.743942090830128 CENTROID_MATCHED=1.2522454071249296 SCIENCE_RELEASE=NO
CHILD_STDOUT R3_C2M_PLANNING_PER_SEED seed=2082485464272837759 FLAT_N72=[0.8333333333333334, 0.875, 0.8333333333333334] TEMPORAL_SHARED_L2=[0.7083333333333334, 0.625, 0.625] HIERARCHICAL_DISTINCT_L2=[0.08333333333333333, 0.16666666666666666, 0.375]
CHILD_STDOUT R3_BP_PER_SEED candidate=C2M seed=8043185496620002812 TASK_LOCAL=1 V3=1 S1=1 M=1 M_FAILED=0 EVENTS=0 ORACLE_SEPARATED=1 ORACLE_MATCHED=1 CENTROID_SEPARATED=28.394404032496457 CENTROID_MATCHED=1.4099223424748693 SCIENCE_RELEASE=NO
CHILD_STDOUT R3_C2M_PLANNING_PER_SEED seed=8043185496620002812 FLAT_N72=[0.8333333333333334, 0.875, 0.875] TEMPORAL_SHARED_L2=[0.7083333333333334, 0.6666666666666666, 0.6666666666666666] HIERARCHICAL_DISTINCT_L2=[0.0, 0.125, 0.16666666666666666]
CHILD_STDOUT R3_BP_PER_SEED candidate=C2M seed=10298743995255560025 TASK_LOCAL=1 V3=1 S1=1 M=1 M_FAILED=0 EVENTS=0 ORACLE_SEPARATED=1 ORACLE_MATCHED=1 CENTROID_SEPARATED=27.717086112309044 CENTROID_MATCHED=1.206304182907664 SCIENCE_RELEASE=NO
CHILD_STDOUT R3_C2M_PLANNING_PER_SEED seed=10298743995255560025 FLAT_N72=[0.7916666666666666, 0.7916666666666666, 0.5833333333333334] TEMPORAL_SHARED_L2=[0.375, 0.5416666666666666, 0.5833333333333334] HIERARCHICAL_DISTINCT_L2=[0.0, 0.20833333333333334, 0.375]
CHILD_STDOUT R3_BP_PER_SEED candidate=C2M seed=2735567580835909447 TASK_LOCAL=1 V3=1 S1=1 M=1 M_FAILED=0 EVENTS=0 ORACLE_SEPARATED=1 ORACLE_MATCHED=1 CENTROID_SEPARATED=28.57266635265592 CENTROID_MATCHED=1.591499000672965 SCIENCE_RELEASE=NO
CHILD_STDOUT R3_C2M_PLANNING_PER_SEED seed=2735567580835909447 FLAT_N72=[0.875, 0.7916666666666666, 0.7916666666666666] TEMPORAL_SHARED_L2=[0.625, 0.625, 0.7083333333333334] HIERARCHICAL_DISTINCT_L2=[0.0, 0.0, 0.0]
CHILD_STDOUT R3_BP_PER_SEED candidate=C2M seed=17219295647349482050 TASK_LOCAL=1 V3=1 S1=1 M=1 M_FAILED=0 EVENTS=0 ORACLE_SEPARATED=1 ORACLE_MATCHED=1 CENTROID_SEPARATED=30.527878173372525 CENTROID_MATCHED=1.2421982218270222 SCIENCE_RELEASE=NO
CHILD_STDOUT R3_C2M_PLANNING_PER_SEED seed=17219295647349482050 FLAT_N72=[0.8333333333333334, 0.7916666666666666, 0.8333333333333334] TEMPORAL_SHARED_L2=[0.75, 0.75, 0.9166666666666666] HIERARCHICAL_DISTINCT_L2=[0.0, 0.3333333333333333, 0.375]
CHILD_STDOUT R3_BP_PER_SEED candidate=C2M seed=6842485810361635716 TASK_LOCAL=1 V3=1 S1=1 M=1 M_FAILED=0 EVENTS=0 ORACLE_SEPARATED=1 ORACLE_MATCHED=1 CENTROID_SEPARATED=30.47467326501743 CENTROID_MATCHED=1.3467346622005918 SCIENCE_RELEASE=NO
CHILD_STDOUT R3_C2M_PLANNING_PER_SEED seed=6842485810361635716 FLAT_N72=[0.9166666666666666, 0.8333333333333334, 0.9166666666666666] TEMPORAL_SHARED_L2=[0.7916666666666666, 0.5416666666666666, 0.75] HIERARCHICAL_DISTINCT_L2=[0.0, 0.041666666666666664, 0.08333333333333333]
CHILD_STDOUT R3_BP_PER_SEED candidate=C2M seed=15223772355772246603 TASK_LOCAL=1 V3=1 S1=1 M=1 M_FAILED=0 EVENTS=0 ORACLE_SEPARATED=1 ORACLE_MATCHED=1 CENTROID_SEPARATED=29.451137130149178 CENTROID_MATCHED=1.1815575704928831 SCIENCE_RELEASE=NO
CHILD_STDOUT R3_C2M_PLANNING_PER_SEED seed=15223772355772246603 FLAT_N72=[0.75, 0.7916666666666666, 0.9166666666666666] TEMPORAL_SHARED_L2=[0.5, 0.7083333333333334, 0.6666666666666666] HIERARCHICAL_DISTINCT_L2=[0.041666666666666664, 0.20833333333333334, 0.3333333333333333]
CHILD_STDOUT R3_BP_PER_SEED candidate=C2M seed=6098512807412675775 TASK_LOCAL=1 V3=1 S1=1 M=1 M_FAILED=0 EVENTS=0 ORACLE_SEPARATED=1 ORACLE_MATCHED=1 CENTROID_SEPARATED=27.925676369457058 CENTROID_MATCHED=1.3945825915574293 SCIENCE_RELEASE=NO
CHILD_STDOUT R3_C2M_PLANNING_PER_SEED seed=6098512807412675775 FLAT_N72=[0.9166666666666666, 0.8333333333333334, 0.9166666666666666] TEMPORAL_SHARED_L2=[0.7083333333333334, 0.7916666666666666, 0.8333333333333334] HIERARCHICAL_DISTINCT_L2=[0.0, 0.0, 0.0]
CHILD_STDOUT R3_BP_PER_SEED candidate=C2M seed=1313101975958806204 TASK_LOCAL=1 V3=1 S1=1 M=1 M_FAILED=0 EVENTS=0 ORACLE_SEPARATED=1 ORACLE_MATCHED=0.9583333333333334 CENTROID_SEPARATED=30.733539347561813 CENTROID_MATCHED=1.30456599292788 SCIENCE_RELEASE=NO
CHILD_STDOUT R3_C2M_PLANNING_PER_SEED seed=1313101975958806204 FLAT_N72=[0.9583333333333334, 0.9583333333333334, 0.9166666666666666] TEMPORAL_SHARED_L2=[0.7083333333333334, 0.5, 0.625] HIERARCHICAL_DISTINCT_L2=[0.041666666666666664, 0.25, 0.5416666666666666]
CHILD_STDOUT R3_BP_FULL_QUAL_PHASE candidate=C2M n=12 TASK_LOCAL=1 V2=1 V3=1 V4=1 S1=1 M=1 V2_MEAN_SEPARATED=0.9930555555555557 V2_MEAN_MATCHED=0.9930555555555557 V4_MEAN_SEPARATED=29.566019633598078 V4_MEAN_MATCHED=1.3763268548736187 DISPOSITION=WORLD_MODEL_VALID SYNTHETIC_FIXTURE=NO QUAL_AUTHORIZED=NO INTEGRATION_AUTHORIZED=NO COMPUTE_MATCHED=NO
CHILD_STDOUT R3_C2M_H2 phase=QUAL HIERARCHY=HIERARCHY_ADJUDICATED OUTCOME=NO_ADVANTAGE_OVER_WIDTH H2A=0 H2B=0 H2C=0 H2A_BY=[-0.8368055555555555, -0.7048611111111113, -0.5763888888888888] H2B_BY=[-0.6284722222222222, -0.4965277777777778, -0.43402777777777773] H2C_BY=[-0.20833333333333326, -0.20833333333333348, -0.14236111111111105] SUCCESS_FLAT_N72=[0.8541666666666666, 0.8368055555555557, 0.8402777777777777] SUCCESS_TEMPORAL_SHARED_L2=[0.6458333333333334, 0.6284722222222222, 0.6979166666666666] SUCCESS_HIERARCHICAL_DISTINCT_L2=[0.01736111111111111, 0.13194444444444445, 0.2638888888888889] INTEGRATION_AUTHORIZED=NO
